// Jest Snapshot v1, https://goo.gl/fbAQLP

exports[`adds commands 1`] = `
[
  {
    "description": "test one ",
    "name": "one",
    "options": [Function],
  },
  {
    "description": "test two ",
    "name": "two",
    "options": [Function],
  },
]
`;

exports[`creates aliases 1`] = `
[
  {
    "alias": "verbose",
    "name": "v",
  },
  {
    "alias": "version",
    "name": "V",
  },
]
`;

exports[`runs the application 1`] = `
[
  {
    "description": "change to color of a previously sent payload",
    "name": "color <uuid> <color>",
    "options": [Function],
  },
]
`;

exports[`runs the application 2`] = `
[
  {
    "alias": "help",
    "name": "h",
  },
]
`;

exports[`runs the application 3`] = `"h"`;

exports[`runs the application and uses send as the default command 1`] = `
[
  {
    "meta": [],
    "payloads": [
      {
        "content": {
          "values": [
            "test message",
          ],
        },
        "origin": {
          "file": "/src/commands/Send.ts",
          "function_name": "xxxx",
          "hostname": "fake-host",
          "line_number": 999,
        },
        "type": "log",
      },
    ],
    "uuid": "fakeUuid",
  },
]
`;
