// Jest Snapshot v1, https://goo.gl/fbAQLP

exports[`sends a file payload 1`] = `
[
  {
    "meta": [],
    "payloads": [
      {
        "content": {
          "content": "test&nbsp;contents<br>",
          "label": "testfile.txt",
        },
        "origin": {
          "file": "/src/commands/File.ts",
          "function_name": "xxxx",
          "hostname": "fake-host",
          "line_number": 999,
        },
        "type": "custom",
      },
    ],
    "uuid": "fakeUuid",
  },
]
`;
