// Jest Snapshot v1, https://goo.gl/fbAQLP

exports[`sends an json payload 1`] = `
[
  {
    "meta": [],
    "payloads": [
      {
        "content": {
          "content": [
            "one",
            "two",
          ],
          "label": "JSON",
        },
        "origin": {
          "file": "/src/commands/Json.ts",
          "function_name": "xxxx",
          "hostname": "fake-host",
          "line_number": 999,
        },
        "type": "custom",
      },
    ],
    "uuid": "fakeUuid",
  },
]
`;
