// Jest Snapshot v1, https://goo.gl/fbAQLP

exports[`sends an pause payload 1`] = `
Array [
  Object {
    "meta": Array [],
    "payloads": Array [
      Object {
        "content": Object {
          "name": "xxxxx",
        },
        "origin": Object {
          "file": "/test/file.js",
          "function_name": "xxxx",
          "hostname": "fake-host",
          "line_number": 999,
        },
        "type": "create_lock",
      },
    ],
    "uuid": "fakeUuid",
  },
]
`;
