// Jest Snapshot v1, https://goo.gl/fbAQLP

exports[`sends an pause payload 1`] = `
[
  {
    "meta": [],
    "payloads": [
      {
        "content": {
          "name": "xxxxx",
        },
        "origin": {
          "file": "/src/commands/Pause.ts",
          "function_name": "xxxx",
          "hostname": "fake-host",
          "line_number": 999,
        },
        "type": "create_lock",
      },
    ],
    "uuid": "fakeUuid",
  },
]
`;
