// Jest Snapshot v1, https://goo.gl/fbAQLP

exports[`sends a size payload 1`] = `
Array [
  Object {
    "meta": Array [],
    "payloads": Array [
      Object {
        "content": Object {
          "size": "large",
        },
        "origin": Object {
          "file": "/tests/Ray.test.ts",
          "function_name": "xxxx",
          "hostname": "fake-host",
          "line_number": 999,
        },
        "type": "size",
      },
    ],
    "uuid": "fakeUuid",
  },
]
`;
